../Core/Src/main.c:331:13:UART_Print	16	static
../Core/Src/main.c:342:5:main	16	static
../Core/Src/main.c:424:6:SystemClock_Config	88	static
../Core/Src/main.c:471:13:MX_I2C1_Init	8	static
../Core/Src/main.c:505:13:MX_I2C2_Init	8	static
../Core/Src/main.c:539:13:MX_SPI1_Init	8	static
../Core/Src/main.c:577:13:MX_USART1_UART_Init	8	static
../Core/Src/main.c:611:13:MX_USART2_UART_Init	8	static
../Core/Src/main.c:647:13:MX_GPIO_Init	40	static
../Core/Src/main.c:709:6:DWT_Delay_Init	4	static
../Core/Src/main.c:716:6:delay_us	24	static
../Core/Src/main.c:725:6:DHT_SetOutput	32	static
../Core/Src/main.c:735:6:DHT_SetInput	32	static
../Core/Src/main.c:746:9:DHT_Start	16	static
../Core/Src/main.c:789:9:DHT_ReadBit	16	static
../Core/Src/main.c:809:9:DHT_ReadByte	16	static
../Core/Src/main.c:820:9:DHT22_Read	32	static
../Core/Src/main.c:864:16:bcd2bin	16	static
../Core/Src/main.c:869:16:bin2bcd	16	static
../Core/Src/main.c:875:9:DS3231_ReadTime	40	static
../Core/Src/main.c:908:9:DS3231_SetTime	40	static
../Core/Src/main.c:933:16:IsLeapYear	16	static
../Core/Src/main.c:939:17:RTC_ToEpochSeconds	32	static
../Core/Src/main.c:979:16:ADS1115_ReadRaw	40	static
../Core/Src/main.c:1010:9:VoltageToPWM_0_255	24	static
../Core/Src/main.c:1022:14:ADS1115_ConvertRawToVolt	24	static
../Core/Src/main.c:1028:13:ADS_Task	32	static
../Core/Src/main.c:1044:10:CRC16_Modbus	24	static
../Core/Src/main.c:1063:6:HAL_UART_RxCpltCallback	32	static
../Core/Src/main.c:1171:13:Rules_Reset	16	static
../Core/Src/main.c:1181:13:ParseOneRuleString	64	static
../Core/Src/main.c:1239:6:ParseRuleJSON	64	static
../Core/Src/main.c:1285:16:EvalOutputState	32	static
../Core/Src/main.c:1328:6:ApplyRules	24	static
../Core/Src/main.c:1343:6:PrintRuleStatus	176	static
../Core/Src/main.c:1389:6:ParseRTCJSON	120	static
../Core/Src/main.c:1444:6:OnRuleFrameReceived	24	static
../Core/Src/main.c:1482:15:cbor_put_uint	24	static
../Core/Src/main.c:1510:15:cbor_put_text	32	static
../Core/Src/main.c:1533:15:cbor_put_array_hdr	24	static
../Core/Src/main.c:1548:15:cbor_put_map_hdr	24	static
../Core/Src/main.c:1563:15:cbor_put_float32	32	static
../Core/Src/main.c:1577:8:CBOR_EncodeMeasurement	120	static
../Core/Src/main.c:1671:13:cbor_skip_text	40	static
../Core/Src/main.c:1698:13:cbor_read_uint32	32	static
../Core/Src/main.c:1732:13:cbor_skip_float32	24	static
../Core/Src/main.c:1740:13:cbor_skip_uint_array	48	static
../Core/Src/main.c:1759:6:App_BackgroundSensors	48	static
../Core/Src/main.c:1831:13:Acquire_FillMeasurement	32	static
../Core/Src/main.c:1854:6:App_HandleAcquisition	336	static
../Core/Src/main.c:1979:6:Log_InitRuntime	4	static
../Core/Src/main.c:1985:6:SD_MountTask	48	static
../Core/Src/main.c:2002:6:Log_RecoverTask	4744	static
../Core/Src/main.c:2063:6:Log_AppendRecord	4168	static
../Core/Src/main.c:2077:6:Log_AppendErrorRecord	4168	static
../Core/Src/main.c:2091:6:Log_ReadHeadRecord	4176	static
../Core/Src/main.c:2105:6:Log_TruncateUpToSeq	8576	static
../Core/Src/main.c:2150:6:Log_ReadNextRecordFromFile	336	static
../Core/Src/main.c:2239:6:Tx_InitRuntime	16	static
../Core/Src/main.c:2244:6:Tx_StartFrameSend	24	static
../Core/Src/main.c:2274:6:HAL_UART_TxCpltCallback	16	static
../Core/Src/main.c:2281:6:Tx_StateMachine_Run	32	static
../Core/Src/main.c:2354:13:Debug_PrintMeasurementJSON	568	static
../Core/Src/main.c:2413:6:Error_Handler	4	static,ignoring_inline_asm
