../Core/Src/main.c:396:13:UART_Print	16	static
../Core/Src/main.c:407:5:main	16	static
../Core/Src/main.c:514:6:SystemClock_Config	88	static
../Core/Src/main.c:561:13:MX_I2C1_Init	8	static
../Core/Src/main.c:595:13:MX_I2C2_Init	8	static
../Core/Src/main.c:629:13:MX_SPI1_Init	8	static
../Core/Src/main.c:667:13:MX_USART1_UART_Init	8	static
../Core/Src/main.c:701:13:MX_USART2_UART_Init	8	static
../Core/Src/main.c:737:13:MX_GPIO_Init	40	static
../Core/Src/main.c:803:6:DWT_Delay_Init	4	static
../Core/Src/main.c:810:6:delay_us	24	static
../Core/Src/main.c:818:6:DHT_SetOutput	32	static
../Core/Src/main.c:828:6:DHT_SetInput	32	static
../Core/Src/main.c:837:9:DHT_Start	16	static
../Core/Src/main.c:872:9:DHT_ReadBit	16	static
../Core/Src/main.c:904:9:DHT_ReadByte	16	static
../Core/Src/main.c:915:9:DHT22_Read	32	static
../Core/Src/main.c:952:13:I2C1_RecoverBus	8	static
../Core/Src/main.c:958:13:I2C2_RecoverBus	8	static
../Core/Src/main.c:965:16:I2C_StatusToErrCode	16	static
../Core/Src/main.c:975:16:bcd2bin	16	static
../Core/Src/main.c:980:16:bin2bcd	16	static
../Core/Src/main.c:985:9:DS3231_ReadTime	40	static
../Core/Src/main.c:1014:9:DS3231_SetTime	40	static
../Core/Src/main.c:1034:16:IsLeapYear	16	static
../Core/Src/main.c:1039:17:RTC_ToEpochSeconds	32	static
../Core/Src/main.c:1068:13:EpochToRTC	32	static
../Core/Src/main.c:1102:16:ADS1115_ReadRaw	40	static
../Core/Src/main.c:1182:16:VoltageToPWM_0_255	24	static
../Core/Src/main.c:1195:14:ADS1115_ConvertRawToVolt	24	static
../Core/Src/main.c:1206:13:ADS_Task	32	static
../Core/Src/main.c:1223:17:CRC16_Modbus	24	static
../Core/Src/main.c:1242:15:TLV_PutU8	16	static
../Core/Src/main.c:1250:15:TLV_PutU16	16	static
../Core/Src/main.c:1259:15:TLV_PutI16	16	static
../Core/Src/main.c:1268:15:TLV_PutU32	24	static
../Core/Src/main.c:1279:15:TLV_PutU16Array4	32	static
../Core/Src/main.c:1290:15:TLV_EncodeMeasurement	32	static
../Core/Src/main.c:1310:13:SendErrorTLV	72	static
../Core/Src/main.c:1348:13:SendMeasurementTLV	400	static
../Core/Src/main.c:1386:17:TLV_ReadU32BE	16	static
../Core/Src/main.c:1395:15:JSON_EncodeMeasurement	248	static
../Core/Src/main.c:1458:13:JSON_ParseSeqFromLine	24	static
../Core/Src/main.c:1469:6:HAL_UART_RxCpltCallback	32	static
../Core/Src/main.c:1553:13:Rules_Reset	16	static
../Core/Src/main.c:1563:13:ParseOneRuleString	64	static
../Core/Src/main.c:1615:13:ParseRulesTLV	64	static
../Core/Src/main.c:1640:13:ParseRTCTLV	40	static
../Core/Src/main.c:1665:13:ParseACKTLV	24	static
../Core/Src/main.c:1687:16:EvalOutputState	32	static
../Core/Src/main.c:1726:13:ApplyRules	24	static
../Core/Src/main.c:1736:13:PrintRuleStatus	48	static
../Core/Src/main.c:1763:13:OnFrameReceived	24	static
../Core/Src/main.c:1792:13:Log_InitRuntime	4	static
../Core/Src/main.c:1798:13:SD_MountTask	16	static
../Core/Src/main.c:1844:13:Log_RecoverTask	4488	static
../Core/Src/main.c:1891:13:Log_AppendJSON	4176	static
../Core/Src/main.c:1936:13:Log_RemoveSeq	4504	static
../Core/Src/main.c:2003:13:SD_StatusTask	4352	static
../Core/Src/main.c:2085:13:App_BackgroundSensors	48	static
../Core/Src/main.c:2198:13:Acquire_FillMeasurement	24	static
../Core/Src/main.c:2220:13:App_HandleAcquisition	384	static
../Core/Src/main.c:2306:13:App_HandleAck	24	static
../Core/Src/main.c:2331:13:Debug_ErrorJson	24	static
../Core/Src/main.c:2340:13:Debug_PrintMeasurementJSON	248	static
../Core/Src/main.c:2397:13:Debug_DumpTLV	88	static
../Core/Src/main.c:2505:6:Error_Handler	4	static,ignoring_inline_asm
