../Core/Src/main.c:421:13:UART_Print	16	static
../Core/Src/main.c:426:20:WD_SetSensor	4	static
../Core/Src/main.c:431:20:WD_SetAcquisition	4	static
../Core/Src/main.c:436:20:WD_SetAck	4	static
../Core/Src/main.c:441:20:WD_SetTX	4	static
../Core/Src/main.c:446:20:WD_SetSD	4	static
../Core/Src/main.c:457:5:main	16	static
../Core/Src/main.c:577:6:SystemClock_Config	88	static
../Core/Src/main.c:625:13:MX_I2C1_Init	8	static
../Core/Src/main.c:659:13:MX_I2C2_Init	8	static
../Core/Src/main.c:693:13:MX_IWDG_Init	8	static
../Core/Src/main.c:721:13:MX_SPI1_Init	8	static
../Core/Src/main.c:759:13:MX_USART1_UART_Init	8	static
../Core/Src/main.c:799:13:MX_USART2_UART_Init	8	static
../Core/Src/main.c:835:13:MX_GPIO_Init	48	static
../Core/Src/main.c:912:6:DWT_Delay_Init	4	static
../Core/Src/main.c:919:6:delay_us	24	static
../Core/Src/main.c:927:6:DHT_SetOutput	32	static
../Core/Src/main.c:937:6:DHT_SetInput	32	static
../Core/Src/main.c:946:9:DHT_Start	16	static
../Core/Src/main.c:981:9:DHT_ReadBit	16	static
../Core/Src/main.c:1013:9:DHT_ReadByte	16	static
../Core/Src/main.c:1024:9:DHT22_Read	32	static
../Core/Src/main.c:1061:13:I2C1_RecoverBus	8	static
../Core/Src/main.c:1067:13:I2C2_RecoverBus	8	static
../Core/Src/main.c:1074:16:I2C_StatusToErrCode	16	static
../Core/Src/main.c:1084:16:bcd2bin	16	static
../Core/Src/main.c:1089:16:bin2bcd	16	static
../Core/Src/main.c:1094:9:DS3231_ReadTime	40	static
../Core/Src/main.c:1123:9:DS3231_SetTime	40	static
../Core/Src/main.c:1143:16:IsLeapYear	16	static
../Core/Src/main.c:1148:17:RTC_ToEpochSeconds	32	static
../Core/Src/main.c:1177:13:EpochToRTC	32	static
../Core/Src/main.c:1211:16:ADS1115_ReadRaw	40	static
../Core/Src/main.c:1291:16:VoltageToPWM_0_255	24	static
../Core/Src/main.c:1304:14:ADS1115_ConvertRawToVolt	24	static
../Core/Src/main.c:1315:13:ADS_Task	32	static
../Core/Src/main.c:1332:17:CRC16_Modbus	24	static
../Core/Src/main.c:1351:15:TLV_PutU8	16	static
../Core/Src/main.c:1359:15:TLV_PutU16	16	static
../Core/Src/main.c:1368:15:TLV_PutI16	16	static
../Core/Src/main.c:1377:15:TLV_PutU32	24	static
../Core/Src/main.c:1388:15:TLV_PutU16Array4	32	static
../Core/Src/main.c:1399:15:TLV_EncodeMeasurement	32	static
../Core/Src/main.c:1419:13:SendErrorTLV	72	static
../Core/Src/main.c:1457:13:SendMeasurementTLV	400	static
../Core/Src/main.c:1495:17:TLV_ReadU32BE	16	static
../Core/Src/main.c:1504:15:JSON_EncodeMeasurement	248	static
../Core/Src/main.c:1567:13:JSON_ParseSeqFromLine	24	static
../Core/Src/main.c:1578:6:HAL_UART_RxCpltCallback	32	static
../Core/Src/main.c:1662:13:Rules_Reset	16	static
../Core/Src/main.c:1672:13:ParseOneRuleString	64	static
../Core/Src/main.c:1724:13:ParseRulesTLV	64	static
../Core/Src/main.c:1749:13:ParseRTCTLV	40	static
../Core/Src/main.c:1774:13:ParseACKTLV	24	static
../Core/Src/main.c:1796:16:EvalOutputState	32	static
../Core/Src/main.c:1835:13:ApplyRules	24	static
../Core/Src/main.c:1845:13:PrintRuleStatus	48	static
../Core/Src/main.c:1872:13:OnFrameReceived	24	static
../Core/Src/main.c:1901:13:Log_InitRuntime	4	static
../Core/Src/main.c:1907:13:SD_MountTask	16	static
../Core/Src/main.c:1953:13:Log_RecoverTask	4488	static
../Core/Src/main.c:2000:13:Log_AppendJSON	4176	static
../Core/Src/main.c:2045:13:Log_RemoveSeq	4504	static
../Core/Src/main.c:2112:13:SD_StatusTask	4352	static
../Core/Src/main.c:2194:13:App_BackgroundSensors	48	static
../Core/Src/main.c:2307:13:Acquire_FillMeasurement	24	static
../Core/Src/main.c:2329:13:App_HandleAcquisition	384	static
../Core/Src/main.c:2416:13:App_HandleAck	24	static
../Core/Src/main.c:2454:13:TX_StartNew	32	static
../Core/Src/main.c:2499:13:TX_Process	32	static
../Core/Src/main.c:2609:13:Debug_ErrorJson	24	static
../Core/Src/main.c:2618:13:Debug_PrintMeasurementJSON	248	static
../Core/Src/main.c:2675:13:Debug_DumpTLV	88	static
../Core/Src/main.c:2777:13:WD_Service	8	static
../Core/Src/main.c:2801:6:Error_Handler	4	static,ignoring_inline_asm
