../Core/Src/main.c:436:13:UART_Print	16	static
../Core/Src/main.c:441:20:WD_SetSensor	4	static
../Core/Src/main.c:446:20:WD_SetAcquisition	4	static
../Core/Src/main.c:451:20:WD_SetAck	4	static
../Core/Src/main.c:456:20:WD_SetTX	4	static
../Core/Src/main.c:461:20:WD_SetSD	4	static
../Core/Src/main.c:472:5:main	16	static
../Core/Src/main.c:592:6:SystemClock_Config	88	static
../Core/Src/main.c:640:13:MX_I2C1_Init	8	static
../Core/Src/main.c:674:13:MX_I2C2_Init	8	static
../Core/Src/main.c:708:13:MX_IWDG_Init	8	static
../Core/Src/main.c:736:13:MX_SPI1_Init	8	static
../Core/Src/main.c:774:13:MX_USART1_UART_Init	8	static
../Core/Src/main.c:814:13:MX_USART2_UART_Init	8	static
../Core/Src/main.c:850:13:MX_GPIO_Init	48	static
../Core/Src/main.c:927:6:DWT_Delay_Init	4	static
../Core/Src/main.c:934:6:delay_us	24	static
../Core/Src/main.c:942:6:DHT_SetOutput	32	static
../Core/Src/main.c:952:6:DHT_SetInput	32	static
../Core/Src/main.c:961:9:DHT_Start	16	static
../Core/Src/main.c:996:9:DHT_ReadBit	16	static
../Core/Src/main.c:1028:9:DHT_ReadByte	16	static
../Core/Src/main.c:1039:9:DHT22_Read	32	static
../Core/Src/main.c:1076:13:I2C1_RecoverBus	8	static
../Core/Src/main.c:1082:13:I2C2_RecoverBus	8	static
../Core/Src/main.c:1089:16:I2C_StatusToErrCode	16	static
../Core/Src/main.c:1099:16:bcd2bin	16	static
../Core/Src/main.c:1104:16:bin2bcd	16	static
../Core/Src/main.c:1109:9:DS3231_ReadTime	40	static
../Core/Src/main.c:1138:9:DS3231_SetTime	40	static
../Core/Src/main.c:1158:16:IsLeapYear	16	static
../Core/Src/main.c:1163:17:RTC_ToEpochSeconds	32	static
../Core/Src/main.c:1192:13:EpochToRTC	32	static
../Core/Src/main.c:1226:16:ADS1115_ReadRaw	40	static
../Core/Src/main.c:1306:16:VoltageToPWM_0_255	24	static
../Core/Src/main.c:1319:14:ADS1115_ConvertRawToVolt	24	static
../Core/Src/main.c:1330:13:ADS_Task	32	static
../Core/Src/main.c:1347:17:CRC16_Modbus	24	static
../Core/Src/main.c:1366:15:TLV_PutU8	16	static
../Core/Src/main.c:1374:15:TLV_PutU16	16	static
../Core/Src/main.c:1383:15:TLV_PutI16	16	static
../Core/Src/main.c:1392:15:TLV_PutU32	24	static
../Core/Src/main.c:1403:15:TLV_PutU16Array4	32	static
../Core/Src/main.c:1414:15:TLV_EncodeMeasurement	32	static
../Core/Src/main.c:1434:13:SendErrorTLV	72	static
../Core/Src/main.c:1472:13:SendMeasurementTLV	400	static
../Core/Src/main.c:1510:17:TLV_ReadU32BE	16	static
../Core/Src/main.c:1519:15:JSON_EncodeMeasurement	248	static
../Core/Src/main.c:1582:13:JSON_ParseSeqFromLine	24	static
../Core/Src/main.c:1593:6:HAL_UART_RxCpltCallback	32	static
../Core/Src/main.c:1677:13:Rules_Reset	16	static
../Core/Src/main.c:1687:13:ParseOneRuleString	64	static
../Core/Src/main.c:1741:13:ParseRulesTLV	64	static
../Core/Src/main.c:1766:13:ParseRTCTLV	40	static
../Core/Src/main.c:1791:13:ParseACKTLV	24	static
../Core/Src/main.c:1818:13:RecomputeCombinedInputMask	16	static
../Core/Src/main.c:1833:13:ParseAddonTLV	24	static
../Core/Src/main.c:1862:16:EvalOutputState	32	static
../Core/Src/main.c:1901:13:ApplyRules	24	static
../Core/Src/main.c:1911:13:PrintRuleStatus	48	static
../Core/Src/main.c:1938:13:OnFrameReceived	24	static
../Core/Src/main.c:1972:13:Log_InitRuntime	4	static
../Core/Src/main.c:1978:13:SD_MountTask	16	static
../Core/Src/main.c:2024:13:Log_RecoverTask	4488	static
../Core/Src/main.c:2071:13:Log_AppendJSON	4176	static
../Core/Src/main.c:2116:13:Log_RemoveSeq	4504	static
../Core/Src/main.c:2183:13:SD_StatusTask	4352	static
../Core/Src/main.c:2265:13:App_BackgroundSensors	48	static
../Core/Src/main.c:2379:13:Acquire_FillMeasurement	24	static
../Core/Src/main.c:2401:13:App_HandleAcquisition	384	static
../Core/Src/main.c:2488:13:App_HandleAck	24	static
../Core/Src/main.c:2526:13:TX_StartNew	32	static
../Core/Src/main.c:2571:13:TX_Process	32	static
../Core/Src/main.c:2681:13:Debug_ErrorJson	24	static
../Core/Src/main.c:2690:13:Debug_PrintMeasurementJSON	248	static
../Core/Src/main.c:2747:13:Debug_DumpTLV	88	static
../Core/Src/main.c:2849:13:WD_Service	8	static
../Core/Src/main.c:2873:6:Error_Handler	4	static,ignoring_inline_asm
