../MIDWARE/FATFS_SD/FATFS_SD.c:25:13:SELECT	8	static
../MIDWARE/FATFS_SD/FATFS_SD.c:31:13:DESELECT	8	static
../MIDWARE/FATFS_SD/FATFS_SD.c:37:13:SPI_TxByte	16	static
../MIDWARE/FATFS_SD/FATFS_SD.c:44:13:SPI_TxBuffer	16	static
../MIDWARE/FATFS_SD/FATFS_SD.c:51:16:SPI_RxByte	24	static
../MIDWARE/FATFS_SD/FATFS_SD.c:61:13:SPI_RxBytePtr	16	static
../MIDWARE/FATFS_SD/FATFS_SD.c:69:16:SD_ReadyWait	16	static
../MIDWARE/FATFS_SD/FATFS_SD.c:82:13:SD_PowerOn	24	static
../MIDWARE/FATFS_SD/FATFS_SD.c:113:13:SD_PowerOff	4	static
../MIDWARE/FATFS_SD/FATFS_SD.c:119:16:SD_CheckPower	4	static
../MIDWARE/FATFS_SD/FATFS_SD.c:125:13:SD_RxDataBlock	24	static
../MIDWARE/FATFS_SD/FATFS_SD.c:148:13:SD_TxDataBlock	24	static
../MIDWARE/FATFS_SD/FATFS_SD.c:182:13:SD_SendCmd	24	static
../MIDWARE/FATFS_SD/FATFS_SD.c:213:9:SD_disk_initialize	32	static
../MIDWARE/FATFS_SD/FATFS_SD.c:298:9:SD_disk_status	16	static
../MIDWARE/FATFS_SD/FATFS_SD.c:305:9:SD_disk_read	24	static
../MIDWARE/FATFS_SD/FATFS_SD.c:347:9:SD_disk_write	24	static
../MIDWARE/FATFS_SD/FATFS_SD.c:402:9:SD_disk_ioctl	56	static
