../MIDWARE/FATFS_SD/FATFS_SD.c:26:13:SD_DebugPrint	16	static
../MIDWARE/FATFS_SD/FATFS_SD.c:31:13:SELECT	8	static
../MIDWARE/FATFS_SD/FATFS_SD.c:37:13:DESELECT	8	static
../MIDWARE/FATFS_SD/FATFS_SD.c:43:13:SPI_TxByte	16	static
../MIDWARE/FATFS_SD/FATFS_SD.c:50:13:SPI_TxBuffer	16	static
../MIDWARE/FATFS_SD/FATFS_SD.c:57:16:SPI_RxByte	24	static
../MIDWARE/FATFS_SD/FATFS_SD.c:67:13:SPI_RxBytePtr	16	static
../MIDWARE/FATFS_SD/FATFS_SD.c:75:16:SD_ReadyWait	16	static
../MIDWARE/FATFS_SD/FATFS_SD.c:88:13:SD_PowerOn	24	static
../MIDWARE/FATFS_SD/FATFS_SD.c:119:13:SD_PowerOff	4	static
../MIDWARE/FATFS_SD/FATFS_SD.c:125:16:SD_CheckPower	4	static
../MIDWARE/FATFS_SD/FATFS_SD.c:131:13:SD_RxDataBlock	24	static
../MIDWARE/FATFS_SD/FATFS_SD.c:154:13:SD_TxDataBlock	24	static
../MIDWARE/FATFS_SD/FATFS_SD.c:188:13:SD_SendCmd	24	static
../MIDWARE/FATFS_SD/FATFS_SD.c:219:9:SD_disk_initialize	32	static
../MIDWARE/FATFS_SD/FATFS_SD.c:310:9:SD_disk_status	16	static
../MIDWARE/FATFS_SD/FATFS_SD.c:317:9:SD_disk_read	24	static
../MIDWARE/FATFS_SD/FATFS_SD.c:359:9:SD_disk_write	24	static
../MIDWARE/FATFS_SD/FATFS_SD.c:414:9:SD_disk_ioctl	56	static
